........................................................................ [ 29%]
........................................................................ [ 58%]
........................................................................ [ 87%]
................................                                         [100%]
============================== warnings summary ===============================
.venv\Lib\site-packages\fastapi\testclient.py:1
  C:\Users\nafis\Downloads\SIH PROJECT 2\satquery\backend\.venv\Lib\site-packages\fastapi\testclient.py:1: StarletteDeprecationWarning: Using `httpx` with `starlette.testclient` is deprecated; install `httpx2` instead.
    from starlette.testclient import TestClient as TestClient  # noqa

.venv\Lib\site-packages\starlette\testclient.py:53
  C:\Users\nafis\Downloads\SIH PROJECT 2\satquery\backend\.venv\Lib\site-packages\starlette\testclient.py:53: DeprecationWarning: The anyio.abc.BlockingPortal alias is deprecated, use anyio.from_thread.BlockingPortal instead.
    _PortalFactoryType = Callable[[], AbstractContextManager[anyio.abc.BlockingPortal]]

tests/test_final_integration.py: 2 warnings
tests/test_geospatial_validator.py: 12 warnings
tests/test_phase11_generalization.py: 5 warnings
tests/test_phase12_readiness_gate.py: 8 warnings
tests/test_phase1_validator.py: 7 warnings
tests/test_phase2_vqa.py: 7 warnings
tests/test_phase2to7_hardcode_check.py: 12 warnings
  C:\Users\nafis\Downloads\SIH PROJECT 2\satquery\backend\.venv\Lib\site-packages\rasterio\transform.py:178: PendingDeprecationWarning: Use `@` matmul instead of `*` mul operator for matrix multiplication
    return Affine.translation(west, north) * Affine.scale(xsize, -ysize)

tests/test_phase10_benchmark_gate.py: 28 warnings
  C:\Users\nafis\Downloads\SIH PROJECT 2\satquery\backend\.venv\Lib\site-packages\rasterio\__init__.py:379: NotGeoreferencedWarning: Dataset has no geotransform, gcps, or rpcs. The identity matrix will be returned.
    dataset = DatasetReader(path, driver=driver, sharing=sharing, thread_safe=thread_safe, **kwargs)

tests/test_phase10_benchmark_gate.py::test_report_is_reproducible_with_same_checkpoint
tests/test_phase10_benchmark_gate.py::test_adapted_pipeline_beats_pre_phase4_baseline
  C:\Users\nafis\Downloads\SIH PROJECT 2\satquery\backend\.venv\Lib\site-packages\_pytest\unraisableexception.py:67: PytestUnraisableExceptionWarning: Exception ignored in: <function Image.__del__ at 0x0000020CC91C94E0>
  
  Traceback (most recent call last):
    File "C:\Users\nafis\AppData\Local\Programs\Python\Python312\Lib\tkinter\__init__.py", line 4119, in __del__
      self.tk.call('image', 'delete', self.name)
  RuntimeError: main thread is not in main loop
  
  Enable tracemalloc to get traceback where the object was allocated.
  See https://docs.pytest.org/en/stable/how-to/capture-warnings.html#resource-warnings for more info.
    warnings.warn(pytest.PytestUnraisableExceptionWarning(msg))

tests/test_phase10_benchmark_gate.py::test_report_is_reproducible_with_same_checkpoint
tests/test_phase10_benchmark_gate.py::test_adapted_pipeline_beats_pre_phase4_baseline
  C:\Users\nafis\Downloads\SIH PROJECT 2\satquery\backend\.venv\Lib\site-packages\_pytest\unraisableexception.py:67: PytestUnraisableExceptionWarning: Exception ignored in: <function Variable.__del__ at 0x0000020CB53C2F20>
  
  Traceback (most recent call last):
    File "C:\Users\nafis\AppData\Local\Programs\Python\Python312\Lib\tkinter\__init__.py", line 414, in __del__
      if self._tk.getboolean(self._tk.call("info", "exists", self._name)):
                             ^^^^^^^^^^^^^^^^^^^^^^^^^^^^^^^^^^^^^^^^^^^
  RuntimeError: main thread is not in main loop
  
  Enable tracemalloc to get traceback where the object was allocated.
  See https://docs.pytest.org/en/stable/how-to/capture-warnings.html#resource-warnings for more info.
    warnings.warn(pytest.PytestUnraisableExceptionWarning(msg))

-- Docs: https://docs.pytest.org/en/stable/how-to/capture-warnings.html
248 passed, 87 warnings in 1603.59s (0:26:43)
